student@T21:~$ cd jk
student@T21:~/jk$ git init myTest3
Initialized empty Git repository in /home/student/jk/myTest3/.git/
student@T21:~/jk$ cd myTest3
student@T21:~/jk/myTest3$ gedit README
student@T21:~/jk/myTest3$ git config --global user.name "Jayakrishnan-S"
student@T21:~/jk/myTest3$ git config --global user.email "jayakrishnans@mca.ajce.in"
student@T21:~/jk/myTest3$ gedit sample1.c
student@T21:~/jk/myTest3$ git status
On branch master

No commits yet

Untracked files:
  (use "git add <file>..." to include in what will be committed)

	README
	sample1.c

nothing added to commit but untracked files present (use "git add" to track)
student@T21:~/jk/myTest3$ git add README
student@T21:~/jk/myTest3$ git add sample1.c
student@T21:~/jk/myTest3$ git status
On branch master

No commits yet

Changes to be committed:
  (use "git rm --cached <file>..." to unstage)

	new file:   README
	new file:   sample1.c

student@T21:~/jk/myTest3$ git commit -m "my first commit"
[master (root-commit) 4fdfec5] my first commit
 2 files changed, 6 insertions(+)
 create mode 100644 README
 create mode 100644 sample1.c
student@T21:~/jk/myTest3$ git remote add orgin https://github.com/Jayakrishnan-S/myTest3.git
student@T21:~/jk/myTest3$ git push orgin master
Username for 'https://github.com': Jayakrishnan-S
Password for 'https://Jayakrishnan-S@github.com': 
Counting objects: 4, done.
Delta compression using up to 4 threads.
Compressing objects: 100% (3/3), done.
Writing objects: 100% (4/4), 332 bytes | 332.00 KiB/s, done.
Total 4 (delta 0), reused 0 (delta 0)
To https://github.com/Jayakrishnan-S/myTest3.git
 * [new branch]      master -> master
student@T21:~/jk/myTest3$ gedit README
student@T21:~/jk/myTest3$ git status
On branch master
Changes not staged for commit:
  (use "git add <file>..." to update what will be committed)
  (use "git checkout -- <file>..." to discard changes in working directory)

	modified:   README

no changes added to commit (use "git add" and/or "git commit -a")
student@T21:~/jk/myTest3$ git add README
student@T21:~/jk/myTest3$ git status
On branch master
Changes to be committed:
  (use "git reset HEAD <file>..." to unstage)

	modified:   README

student@T21:~/jk/myTest3$ git push orgin master
Username for 'https://github.com': Jayakrishnan-S
Password for 'https://Jayakrishnan-S@github.com': 
Everything up-to-date
student@T21:~/jk/myTest3$ git commit -m "my second commit"
[master 7e6cf74] my second commit
 1 file changed, 1 insertion(+), 1 deletion(-)
student@T21:~/jk/myTest3$ git push orgin master
Username for 'https://github.com': Jayakrishnan-S
Password for 'https://Jayakrishnan-S@github.com': 
remote: Invalid username or password.
fatal: Authentication failed for 'https://github.com/Jayakrishnan-S/myTest3.git/'
student@T21:~/jk/myTest3$ git push orgin master
Username for 'https://github.com': Jayakrishnan-S
Password for 'https://Jayakrishnan-S@github.com': 
Counting objects: 3, done.
Delta compression using up to 4 threads.
Compressing objects: 100% (2/2), done.
Writing objects: 100% (3/3), 300 bytes | 300.00 KiB/s, done.
Total 3 (delta 0), reused 0 (delta 0)
To https://github.com/Jayakrishnan-S/myTest3.git
   4fdfec5..7e6cf74  master -> master
student@T21:~/jk/myTest3$ git pull orgin master
remote: Enumerating objects: 4, done.
remote: Counting objects: 100% (4/4), done.
remote: Compressing objects: 100% (3/3), done.
remote: Total 3 (delta 0), reused 0 (delta 0), pack-reused 0
Unpacking objects: 100% (3/3), done.
From https://github.com/Jayakrishnan-S/myTest3
 * branch            master     -> FETCH_HEAD
   7e6cf74..f8166f5  master     -> orgin/master
Updating 7e6cf74..f8166f5
Fast-forward
 sam.c | 5 +++++
 1 file changed, 5 insertions(+)
 create mode 100644 sam.c
student@T21:~/jk/myTest3$ git branch feature_x
student@T21:~/jk/myTest3$ git checkout feature_x
Switched to branch 'feature_x'
student@T21:~/jk/myTest3$ gedit sample4.c
student@T21:~/jk/myTest3$ git add sample4.c
student@T21:~/jk/myTest3$ git commit -m "this is a commit"
[feature_x 09a4346] this is a commit
 1 file changed, 5 insertions(+)
 create mode 100644 sample4.c
student@T21:~/jk/myTest3$ git push origin feature_x
fatal: 'origin' does not appear to be a git repository
fatal: Could not read from remote repository.

Please make sure you have the correct access rights
and the repository exists.
student@T21:~/jk/myTest3$ git push orgin feature_x
Username for 'https://github.com': Jayakrishnan-S
Password for 'https://Jayakrishnan-S@github.com': 
Counting objects: 3, done.
Delta compression using up to 4 threads.
Compressing objects: 100% (3/3), done.
Writing objects: 100% (3/3), 327 bytes | 327.00 KiB/s, done.
Total 3 (delta 1), reused 0 (delta 0)
remote: Resolving deltas: 100% (1/1), completed with 1 local object.
remote: 
remote: Create a pull request for 'feature_x' on GitHub by visiting:
remote:      https://github.com/Jayakrishnan-S/myTest3/pull/new/feature_x
remote: 
To https://github.com/Jayakrishnan-S/myTest3.git
 * [new branch]      feature_x -> feature_x
student@T21:~/jk/myTest3$ 

